2026-07-30 11:36:37,906 [Worker-5: Loading available Gradle versions] INFO  o.e.b.c.i.u.g.PublishedGradleVersions - Gradle version information cache is up-to-date. Trying to read.
2026-07-30 11:41:31,385 [Worker-1: Loading available Gradle versions] INFO  o.e.b.c.i.u.g.PublishedGradleVersions - Gradle version information cache is up-to-date. Trying to read.
2026-07-30 11:42:27,977 [Worker-5: Loading available Gradle versions] INFO  o.e.b.c.i.u.g.PublishedGradleVersions - Gradle version information cache is up-to-date. Trying to read.
2026-07-30 11:43:48,757 [Worker-6: Loading available Gradle versions] INFO  o.e.b.c.i.u.g.PublishedGradleVersions - Gradle version information cache is up-to-date. Trying to read.
2026-07-30 11:48:21,625 [Worker-1: Loading available Gradle versions] INFO  o.e.b.c.i.u.g.PublishedGradleVersions - Gradle version information cache is up-to-date. Trying to read.
2026-07-30 11:52:48,527 [Worker-1: Loading available Gradle versions] INFO  o.e.b.c.i.u.g.PublishedGradleVersions - Gradle version information cache is up-to-date. Trying to read.
2026-07-30 12:01:02,954 [Worker-5: Loading available Gradle versions] INFO  o.e.b.c.i.u.g.PublishedGradleVersions - Gradle version information cache is up-to-date. Trying to read.
2026-07-30 12:01:51,397 [Worker-24: Importing Maven projects] INFO  o.e.m.c.i.l.LifecycleMappingFactory - Using org.eclipse.m2e.jdt.JarLifecycleMapping lifecycle mapping for MavenProject: com.javabykiran:July29HomeWorkTask2:1.0 @ H:\Java By Kiran Recording\Recording\Selenium Testing\Day5\July29HomeWorkTask2\pom.xml.
2026-07-30 12:01:56,994 [Worker-24: Importing Maven projects] INFO  o.e.m.j.i.AbstractJavaProjectConfigurator - Adding source folder /July29HomeWorkTask2/src/main/java
2026-07-30 12:01:57,005 [Worker-24: Importing Maven projects] INFO  o.e.m.j.i.AbstractJavaProjectConfigurator - Adding resource folder /July29HomeWorkTask2/src/main/resources
2026-07-30 12:01:57,008 [Worker-24: Importing Maven projects] INFO  o.e.m.j.i.AbstractJavaProjectConfigurator - Adding source folder /July29HomeWorkTask2/src/test/java
2026-07-30 12:01:57,018 [Worker-24: Importing Maven projects] INFO  o.e.m.j.i.AbstractJavaProjectConfigurator - Adding resource folder /July29HomeWorkTask2/src/test/resources
2026-07-30 12:01:58,664 [Worker-24: Importing Maven projects] INFO  o.e.m.c.i.p.ProjectConfigurationManager - Imported and configured 1 project(s) in 10 sec
2026-07-30 12:01:59,525 [Worker-14: Updating Maven Project] INFO  o.e.m.c.i.p.ProjectConfigurationManager - Update started
2026-07-30 12:02:01,308 [Worker-14: Updating Maven Project] INFO  o.e.m.c.i.l.LifecycleMappingFactory - Using org.eclipse.m2e.jdt.JarLifecycleMapping lifecycle mapping for MavenProject: com.javabykiran:July29HomeWorkTask2:1.0 @ H:\Java By Kiran Recording\Recording\Selenium Testing\Day5\July29HomeWorkTask2\pom.xml.
2026-07-30 12:02:05,175 [Worker-14: Updating Maven Project] INFO  o.e.m.j.i.AbstractJavaProjectConfigurator - Adding source folder /July29HomeWorkTask2/src/main/java
2026-07-30 12:02:05,180 [Worker-14: Updating Maven Project] INFO  o.e.m.j.i.AbstractJavaProjectConfigurator - Adding resource folder /July29HomeWorkTask2/src/main/resources
2026-07-30 12:02:05,183 [Worker-14: Updating Maven Project] INFO  o.e.m.j.i.AbstractJavaProjectConfigurator - Adding source folder /July29HomeWorkTask2/src/test/java
2026-07-30 12:02:05,188 [Worker-14: Updating Maven Project] INFO  o.e.m.j.i.AbstractJavaProjectConfigurator - Adding resource folder /July29HomeWorkTask2/src/test/resources
2026-07-30 12:02:07,054 [Worker-14: Updating Maven Project] INFO  o.e.m.c.i.p.ProjectConfigurationManager - Update completed for 1 poms: local refresh takes 0.00 sec, refresh facades takes 4.00 sec, update config takes 1.00 sec 
2026-07-30 12:02:08,354 [Worker-13: Building] INFO  o.a.m.s.f.DefaultMavenResourcesFiltering - skip non existing resourceDirectory H:\Java By Kiran Recording\Recording\Selenium Testing\Day5\July29HomeWorkTask2\src\main\resources
2026-07-30 12:02:08,370 [Worker-13: Building] INFO  o.a.m.s.f.DefaultMavenResourcesFiltering - skip non existing resourceDirectory H:\Java By Kiran Recording\Recording\Selenium Testing\Day5\July29HomeWorkTask2\src\test\resources
2026-07-30 12:07:18,958 [Worker-5: Building] INFO  o.a.m.s.f.DefaultMavenResourcesFiltering - skip non existing resourceDirectory H:\Java By Kiran Recording\Recording\Selenium Testing\Day5\July29HomeWorkTask2\src\main\resources
2026-07-30 12:07:19,014 [Worker-5: Building] INFO  o.a.m.s.f.DefaultMavenResourcesFiltering - skip non existing resourceDirectory H:\Java By Kiran Recording\Recording\Selenium Testing\Day5\July29HomeWorkTask2\src\test\resources
